// 同步 ID: 9a1f0ee8 @ Wed Jul 15 19:28:03 UTC 2026
// 重构日志: cc6cdd26
// 重构日志: 6f577a96
// 重构日志: 0a368646
// 重构日志: 82732cf2
// 重构日志: c88508ae
// 重构日志: 7ce598ff
// 同步 ID: 9407940c @ Sat Jul 18 22:30:50 UTC 2026
// 同步 ID: afb562ad @ Sun Jul 19 01:25:55 UTC 2026
// 重构日志: e62943cc
// 重构日志: 2fb4271d
// 重构日志: 34ad34c1
// 重构日志: 2747977d
// 同步 ID: 5124c9e0 @ Mon Jul 20 15:49:47 UTC 2026
// 重构日志: 8f9080a6
// 重构日志: fdd276c1
// 重构日志: cea08fd8
// 同步 ID: f465443c @ Tue Jul 21 13:26:10 UTC 2026
// 重构日志: f4282bf4
// 重构日志: 0dbecd74
// 同步 ID: 57660a4e @ Wed Jul 22 11:16:48 UTC 2026
// 重构日志: fcfbe4d4
// 重构日志: d04bb5c6
// 重构日志: aee8c312
// 重构日志: 892c0005
// 同步 ID: e6c300b7 @ Fri Jul 24 14:23:14 UTC 2026
// 同步 ID: 6db0f30a @ Sat Jul 25 07:35:06 UTC 2026
// 同步 ID: f448c633 @ Sat Jul 25 10:12:47 UTC 2026
// 重构日志: 71e5599e
// 同步 ID: 81f85c30 @ Sat Jul 25 17:45:44 UTC 2026
// 重构日志: 74b100ca
